// Jest Snapshot v1, https://goo.gl/fbAQLP

exports[`PokemonPage Component debe de hacer match con el snapshot 1`] = `
<h1>Espere por favor...</h1>
<!--v-if-->
`;

exports[`PokemonPage Component debe de hacer match con el snapshot cuando carga los pokemons 1`] = `
<div>
  <h1>¿Quién es este pokémon?</h1><!-- TODO: img -->
  <pokemon-picture-stub pokemonid="1" showpokemon="false"></pokemon-picture-stub><!-- TODO: Opciones -->
  <pokemon-options-stub pokemons="[object Object],[object Object],[object Object],[object Object]"></pokemon-options-stub>
</div>
<!--v-if-->
`;
